// Jest Snapshot v1, https://goo.gl/fbAQLP

exports[`<Rates /> renders <Rates /> component 1`] = `
<div
  className="rates"
>
  <table>
    <tbody>
      <tr>
        <td>
          BGN
        </td>
        <td>
          1.9558
        </td>
      </tr>
      <tr>
        <td>
          CAD
        </td>
        <td>
          1.5047
        </td>
      </tr>
      <tr>
        <td>
          BRL
        </td>
        <td>
          4.2412
        </td>
      </tr>
      <tr>
        <td>
          HUF
        </td>
        <td>
          322.81
        </td>
      </tr>
      <tr>
        <td>
          DKK
        </td>
        <td>
          7.4603
        </td>
      </tr>
      <tr>
        <td>
          JPY
        </td>
        <td>
          128.76
        </td>
      </tr>
      <tr>
        <td>
          ILS
        </td>
        <td>
          4.2086
        </td>
      </tr>
      <tr>
        <td>
          TRY
        </td>
        <td>
          6.6227
        </td>
      </tr>
      <tr>
        <td>
          RON
        </td>
        <td>
          4.667
        </td>
      </tr>
      <tr>
        <td>
          GBP
        </td>
        <td>
          0.88103
        </td>
      </tr>
      <tr>
        <td>
          PHP
        </td>
        <td>
          61.716
        </td>
      </tr>
      <tr>
        <td>
          HRK
        </td>
        <td>
          7.4275
        </td>
      </tr>
      <tr>
        <td>
          NOK
        </td>
        <td>
          9.5053
        </td>
      </tr>
      <tr>
        <td>
          USD
        </td>
        <td>
          1.1478
        </td>
      </tr>
      <tr>
        <td>
          MXN
        </td>
        <td>
          22.2469
        </td>
      </tr>
      <tr>
        <td>
          AUD
        </td>
        <td>
          1.6243
        </td>
      </tr>
      <tr>
        <td>
          IDR
        </td>
        <td>
          17435.02
        </td>
      </tr>
      <tr>
        <td>
          KRW
        </td>
        <td>
          1305.81
        </td>
      </tr>
      <tr>
        <td>
          HKD
        </td>
        <td>
          8.999
        </td>
      </tr>
      <tr>
        <td>
          ZAR
        </td>
        <td>
          16.4759
        </td>
      </tr>
      <tr>
        <td>
          ISK
        </td>
        <td>
          136.3
        </td>
      </tr>
      <tr>
        <td>
          CZK
        </td>
        <td>
          25.814
        </td>
      </tr>
      <tr>
        <td>
          THB
        </td>
        <td>
          37.705
        </td>
      </tr>
      <tr>
        <td>
          MYR
        </td>
        <td>
          4.7778
        </td>
      </tr>
      <tr>
        <td>
          NZD
        </td>
        <td>
          1.7514
        </td>
      </tr>
      <tr>
        <td>
          PLN
        </td>
        <td>
          4.296
        </td>
      </tr>
      <tr>
        <td>
          SEK
        </td>
        <td>
          10.3606
        </td>
      </tr>
      <tr>
        <td>
          RUB
        </td>
        <td>
          75.0301
        </td>
      </tr>
      <tr>
        <td>
          CNY
        </td>
        <td>
          7.9613
        </td>
      </tr>
      <tr>
        <td>
          SGD
        </td>
        <td>
          1.5822
        </td>
      </tr>
      <tr>
        <td>
          CHF
        </td>
        <td>
          1.1424
        </td>
      </tr>
      <tr>
        <td>
          INR
        </td>
        <td>
          84.4435
        </td>
      </tr>
    </tbody>
  </table>
</div>
`;
